2026-04-20 02:51:54,983 - aqt.main - INFO - installer 140486484204416 aqtinstall(aqt) v3.1.21 on Python 3.11.15 [CPython GCC 13.3.0]
2026-04-20 02:51:54,984 - aqt.helper - DEBUG - helper 140486484204416 Attempt to download checksum at https://download.qt.io/online/qtsdkrepository/linux_x64/desktop/qt6_683/qt6_683/Updates.xml.sha256
2026-04-20 02:51:56,269 - aqt.helper - DEBUG - helper 140486484204416 Attempt to download checksum at https://download.qt.io/online/qtsdkrepository/linux_x64/extensions/qtwebengine/683/x86_64/Updates.xml.sha256
2026-04-20 02:51:57,405 - aqt.archives - INFO - archives 140486484204416 Found extension qtwebengine
2026-04-20 02:51:57,406 - aqt.helper - DEBUG - helper 140486484204416 Attempt to download checksum at https://download.qt.io/online/qtsdkrepository/linux_x64/extensions/qtpdf/683/x86_64/Updates.xml.sha256
2026-04-20 02:51:58,596 - aqt.archives - INFO - archives 140486484204416 Found extension qtpdf
2026-04-20 02:51:59,074 - aqt.helper - DEBUG - helper 139969259404160 Attempt to download checksum at https://download.qt.io/online/qtsdkrepository/linux_x64/desktop/qt6_683/qt6_683/qt.qt6.683.linux_gcc_64/6.8.3-0-202503201345qtbase-Linux-RHEL_8_10-GCC-Linux-RHEL_8_10-X86_64.7z.sha256
2026-04-20 02:51:59,075 - aqt.helper - DEBUG - helper 140412088482688 Attempt to download checksum at https://download.qt.io/online/qtsdkrepository/linux_x64/desktop/qt6_683/qt6_683/qt.qt6.683.linux_gcc_64/6.8.3-0-202503201345qtsvg-Linux-RHEL_8_10-GCC-Linux-RHEL_8_10-X86_64.7z.sha256
2026-04-20 02:51:59,085 - aqt.helper - DEBUG - helper 140718174088064 Attempt to download checksum at https://download.qt.io/online/qtsdkrepository/linux_x64/desktop/qt6_683/qt6_683/qt.qt6.683.linux_gcc_64/6.8.3-0-202503201345qttools-Linux-RHEL_8_10-GCC-Linux-RHEL_8_10-X86_64.7z.sha256
2026-04-20 02:51:59,085 - aqt.helper - DEBUG - helper 140222950075264 Attempt to download checksum at https://download.qt.io/online/qtsdkrepository/linux_x64/desktop/qt6_683/qt6_683/qt.qt6.683.linux_gcc_64/6.8.3-0-202503201345qtdeclarative-Linux-RHEL_8_10-GCC-Linux-RHEL_8_10-X86_64.7z.sha256
2026-04-20 02:51:59,754 - aqt.helper - INFO - helper 139969259404160 Downloading qtbase...
2026-04-20 02:51:59,754 - aqt.installer - DEBUG - installer 139969259404160 Download URL: https://download.qt.io/online/qtsdkrepository/linux_x64/desktop/qt6_683/qt6_683/qt.qt6.683.linux_gcc_64/6.8.3-0-202503201345qtbase-Linux-RHEL_8_10-GCC-Linux-RHEL_8_10-X86_64.7z
2026-04-20 02:51:59,758 - aqt.helper - INFO - helper 140718174088064 Downloading qttools...
2026-04-20 02:51:59,758 - aqt.installer - DEBUG - installer 140718174088064 Download URL: https://download.qt.io/online/qtsdkrepository/linux_x64/desktop/qt6_683/qt6_683/qt.qt6.683.linux_gcc_64/6.8.3-0-202503201345qttools-Linux-RHEL_8_10-GCC-Linux-RHEL_8_10-X86_64.7z
2026-04-20 02:51:59,760 - aqt.helper - INFO - helper 140222950075264 Downloading qtdeclarative...
2026-04-20 02:51:59,761 - aqt.installer - DEBUG - installer 140222950075264 Download URL: https://download.qt.io/online/qtsdkrepository/linux_x64/desktop/qt6_683/qt6_683/qt.qt6.683.linux_gcc_64/6.8.3-0-202503201345qtdeclarative-Linux-RHEL_8_10-GCC-Linux-RHEL_8_10-X86_64.7z
2026-04-20 02:52:00,143 - aqt.helper - INFO - helper 140412088482688 Downloading qtsvg...
2026-04-20 02:52:00,144 - aqt.installer - DEBUG - installer 140412088482688 Download URL: https://download.qt.io/online/qtsdkrepository/linux_x64/desktop/qt6_683/qt6_683/qt.qt6.683.linux_gcc_64/6.8.3-0-202503201345qtsvg-Linux-RHEL_8_10-GCC-Linux-RHEL_8_10-X86_64.7z
2026-04-20 02:52:00,561 - aqt.helper - DEBUG - helper 140222950075264 Asked to redirect(302) to: https://qt.mirror.constant.com/online/qtsdkrepository/linux_x64/desktop/qt6_683/qt6_683/qt.qt6.683.linux_gcc_64/6.8.3-0-202503201345qtdeclarative-Linux-RHEL_8_10-GCC-Linux-RHEL_8_10-X86_64.7z
2026-04-20 02:52:00,561 - aqt.helper - INFO - helper 140222950075264 Redirected: qt.mirror.constant.com
2026-04-20 02:52:00,578 - aqt.helper - DEBUG - helper 140718174088064 Asked to redirect(302) to: https://qt.mirror.constant.com/online/qtsdkrepository/linux_x64/desktop/qt6_683/qt6_683/qt.qt6.683.linux_gcc_64/6.8.3-0-202503201345qttools-Linux-RHEL_8_10-GCC-Linux-RHEL_8_10-X86_64.7z
2026-04-20 02:52:00,578 - aqt.helper - DEBUG - helper 139969259404160 Asked to redirect(302) to: https://qt.mirror.constant.com/online/qtsdkrepository/linux_x64/desktop/qt6_683/qt6_683/qt.qt6.683.linux_gcc_64/6.8.3-0-202503201345qtbase-Linux-RHEL_8_10-GCC-Linux-RHEL_8_10-X86_64.7z
2026-04-20 02:52:00,578 - aqt.helper - INFO - helper 140718174088064 Redirected: qt.mirror.constant.com
2026-04-20 02:52:00,578 - aqt.helper - INFO - helper 139969259404160 Redirected: qt.mirror.constant.com
2026-04-20 02:52:00,797 - aqt.helper - DEBUG - helper 140412088482688 Asked to redirect(302) to: https://qt.mirror.constant.com/online/qtsdkrepository/linux_x64/desktop/qt6_683/qt6_683/qt.qt6.683.linux_gcc_64/6.8.3-0-202503201345qtsvg-Linux-RHEL_8_10-GCC-Linux-RHEL_8_10-X86_64.7z
2026-04-20 02:52:00,798 - aqt.helper - INFO - helper 140412088482688 Redirected: qt.mirror.constant.com
2026-04-20 02:52:01,017 - aqt.installer - INFO - installer 140412088482688 Finished installation of qtsvg-Linux-RHEL_8_10-GCC-Linux-RHEL_8_10-X86_64.7z in 1.94445870
2026-04-20 02:52:01,036 - aqt.helper - DEBUG - helper 140412088482688 Attempt to download checksum at https://download.qt.io/online/qtsdkrepository/linux_x64/desktop/qt6_683/qt6_683/qt.qt6.683.linux_gcc_64/6.8.3-0-202503201345qttranslations-Linux-RHEL_8_10-GCC-Linux-RHEL_8_10-X86_64.7z.sha256
2026-04-20 02:52:01,614 - aqt.helper - INFO - helper 140412088482688 Downloading qttranslations...
2026-04-20 02:52:01,615 - aqt.installer - DEBUG - installer 140412088482688 Download URL: https://download.qt.io/online/qtsdkrepository/linux_x64/desktop/qt6_683/qt6_683/qt.qt6.683.linux_gcc_64/6.8.3-0-202503201345qttranslations-Linux-RHEL_8_10-GCC-Linux-RHEL_8_10-X86_64.7z
2026-04-20 02:52:02,307 - aqt.helper - DEBUG - helper 140412088482688 Asked to redirect(302) to: https://qt.mirror.constant.com/online/qtsdkrepository/linux_x64/desktop/qt6_683/qt6_683/qt.qt6.683.linux_gcc_64/6.8.3-0-202503201345qttranslations-Linux-RHEL_8_10-GCC-Linux-RHEL_8_10-X86_64.7z
2026-04-20 02:52:02,308 - aqt.helper - INFO - helper 140412088482688 Redirected: qt.mirror.constant.com
2026-04-20 02:52:02,751 - aqt.installer - INFO - installer 140412088482688 Finished installation of qttranslations-Linux-RHEL_8_10-GCC-Linux-RHEL_8_10-X86_64.7z in 1.71788958
2026-04-20 02:52:02,768 - aqt.helper - DEBUG - helper 140412088482688 Attempt to download checksum at https://download.qt.io/online/qtsdkrepository/linux_x64/desktop/qt6_683/qt6_683/qt.qt6.683.linux_gcc_64/6.8.3-0-202503201345qtwayland-Linux-RHEL_8_10-GCC-Linux-RHEL_8_10-X86_64.7z.sha256
2026-04-20 02:52:03,359 - aqt.helper - INFO - helper 140412088482688 Downloading qtwayland...
2026-04-20 02:52:03,359 - aqt.installer - DEBUG - installer 140412088482688 Download URL: https://download.qt.io/online/qtsdkrepository/linux_x64/desktop/qt6_683/qt6_683/qt.qt6.683.linux_gcc_64/6.8.3-0-202503201345qtwayland-Linux-RHEL_8_10-GCC-Linux-RHEL_8_10-X86_64.7z
2026-04-20 02:52:03,767 - aqt.installer - INFO - installer 139969259404160 Finished installation of qtbase-Linux-RHEL_8_10-GCC-Linux-RHEL_8_10-X86_64.7z in 4.69517143
2026-04-20 02:52:03,783 - aqt.helper - DEBUG - helper 139969259404160 Attempt to download checksum at https://download.qt.io/online/qtsdkrepository/linux_x64/desktop/qt6_683/qt6_683/qt.qt6.683.linux_gcc_64/6.8.3-0-202503201345icu-linux-Rhel8.6-x86_64.7z.sha256
2026-04-20 02:52:04,086 - aqt.helper - DEBUG - helper 140412088482688 Asked to redirect(302) to: https://qt.mirror.constant.com/online/qtsdkrepository/linux_x64/desktop/qt6_683/qt6_683/qt.qt6.683.linux_gcc_64/6.8.3-0-202503201345qtwayland-Linux-RHEL_8_10-GCC-Linux-RHEL_8_10-X86_64.7z
2026-04-20 02:52:04,086 - aqt.helper - INFO - helper 140412088482688 Redirected: qt.mirror.constant.com
2026-04-20 02:52:04,367 - aqt.helper - INFO - helper 139969259404160 Downloading icu...
2026-04-20 02:52:04,368 - aqt.installer - DEBUG - installer 139969259404160 Download URL: https://download.qt.io/online/qtsdkrepository/linux_x64/desktop/qt6_683/qt6_683/qt.qt6.683.linux_gcc_64/6.8.3-0-202503201345icu-linux-Rhel8.6-x86_64.7z
2026-04-20 02:52:04,399 - aqt.installer - INFO - installer 140412088482688 Finished installation of qtwayland-Linux-RHEL_8_10-GCC-Linux-RHEL_8_10-X86_64.7z in 1.63248250
2026-04-20 02:52:04,467 - aqt.installer - INFO - installer 140718174088064 Finished installation of qttools-Linux-RHEL_8_10-GCC-Linux-RHEL_8_10-X86_64.7z in 5.38328767
2026-04-20 02:52:04,944 - aqt.helper - DEBUG - helper 139969259404160 Asked to redirect(302) to: https://qt.mirror.constant.com/online/qtsdkrepository/linux_x64/desktop/qt6_683/qt6_683/qt.qt6.683.linux_gcc_64/6.8.3-0-202503201345icu-linux-Rhel8.6-x86_64.7z
2026-04-20 02:52:04,945 - aqt.helper - INFO - helper 139969259404160 Redirected: qt.mirror.constant.com
2026-04-20 02:52:05,866 - aqt.installer - INFO - installer 139969259404160 Finished installation of icu-linux-Rhel8.6-x86_64.7z in 2.08415201
2026-04-20 02:52:13,030 - aqt.installer - INFO - installer 140222950075264 Finished installation of qtdeclarative-Linux-RHEL_8_10-GCC-Linux-RHEL_8_10-X86_64.7z in 13.94575483
2026-04-20 02:52:13,121 - aqt.updater - INFO - updater 140486484204416 Patching /home/runner/work/FreeCAD/Qt/6.8.3/gcc_64/bin/qmake
2026-04-20 02:52:13,125 - aqt.updater - INFO - updater 140486484204416 Patching /home/runner/work/FreeCAD/Qt/6.8.3/gcc_64/lib/pkgconfig/Qt6Gui.pc
2026-04-20 02:52:13,126 - aqt.updater - INFO - updater 140486484204416 Patching /home/runner/work/FreeCAD/Qt/6.8.3/gcc_64/lib/pkgconfig/Qt6Designer.pc
2026-04-20 02:52:13,126 - aqt.updater - INFO - updater 140486484204416 Patching /home/runner/work/FreeCAD/Qt/6.8.3/gcc_64/lib/pkgconfig/Qt6Widgets.pc
2026-04-20 02:52:13,126 - aqt.updater - INFO - updater 140486484204416 Patching /home/runner/work/FreeCAD/Qt/6.8.3/gcc_64/lib/pkgconfig/Qt6QuickControls2FusionStyleImpl.pc
2026-04-20 02:52:13,126 - aqt.updater - INFO - updater 140486484204416 Patching /home/runner/work/FreeCAD/Qt/6.8.3/gcc_64/lib/pkgconfig/Qt6UiTools.pc
2026-04-20 02:52:13,127 - aqt.updater - INFO - updater 140486484204416 Patching /home/runner/work/FreeCAD/Qt/6.8.3/gcc_64/lib/pkgconfig/Qt6DBus.pc
2026-04-20 02:52:13,127 - aqt.updater - INFO - updater 140486484204416 Patching /home/runner/work/FreeCAD/Qt/6.8.3/gcc_64/lib/pkgconfig/Qt6LabsAnimation.pc
2026-04-20 02:52:13,127 - aqt.updater - INFO - updater 140486484204416 Patching /home/runner/work/FreeCAD/Qt/6.8.3/gcc_64/lib/pkgconfig/Qt6Linguist.pc
2026-04-20 02:52:13,127 - aqt.updater - INFO - updater 140486484204416 Patching /home/runner/work/FreeCAD/Qt/6.8.3/gcc_64/lib/pkgconfig/Qt6QuickWidgets.pc
2026-04-20 02:52:13,127 - aqt.updater - INFO - updater 140486484204416 Patching /home/runner/work/FreeCAD/Qt/6.8.3/gcc_64/lib/pkgconfig/Qt6QuickControls2ImagineStyleImpl.pc
2026-04-20 02:52:13,128 - aqt.updater - INFO - updater 140486484204416 Patching /home/runner/work/FreeCAD/Qt/6.8.3/gcc_64/lib/pkgconfig/Qt6QuickControls2Universal.pc
2026-04-20 02:52:13,128 - aqt.updater - INFO - updater 140486484204416 Patching /home/runner/work/FreeCAD/Qt/6.8.3/gcc_64/lib/pkgconfig/Qt6UiPlugin.pc
2026-04-20 02:52:13,128 - aqt.updater - INFO - updater 140486484204416 Patching /home/runner/work/FreeCAD/Qt/6.8.3/gcc_64/lib/pkgconfig/Qt6Quick.pc
2026-04-20 02:52:13,128 - aqt.updater - INFO - updater 140486484204416 Patching /home/runner/work/FreeCAD/Qt/6.8.3/gcc_64/lib/pkgconfig/Qt6QuickTemplates2.pc
2026-04-20 02:52:13,129 - aqt.updater - INFO - updater 140486484204416 Patching /home/runner/work/FreeCAD/Qt/6.8.3/gcc_64/lib/pkgconfig/Qt6QmlCompiler.pc
2026-04-20 02:52:13,129 - aqt.updater - INFO - updater 140486484204416 Patching /home/runner/work/FreeCAD/Qt/6.8.3/gcc_64/lib/pkgconfig/Qt6LabsSharedImage.pc
2026-04-20 02:52:13,129 - aqt.updater - INFO - updater 140486484204416 Patching /home/runner/work/FreeCAD/Qt/6.8.3/gcc_64/lib/pkgconfig/Qt6Test.pc
2026-04-20 02:52:13,129 - aqt.updater - INFO - updater 140486484204416 Patching /home/runner/work/FreeCAD/Qt/6.8.3/gcc_64/lib/pkgconfig/Qt6QuickDialogs2QuickImpl.pc
2026-04-20 02:52:13,130 - aqt.updater - INFO - updater 140486484204416 Patching /home/runner/work/FreeCAD/Qt/6.8.3/gcc_64/lib/pkgconfig/Qt6Xml.pc
2026-04-20 02:52:13,130 - aqt.updater - INFO - updater 140486484204416 Patching /home/runner/work/FreeCAD/Qt/6.8.3/gcc_64/lib/pkgconfig/Qt6OpenGLWidgets.pc
2026-04-20 02:52:13,130 - aqt.updater - INFO - updater 140486484204416 Patching /home/runner/work/FreeCAD/Qt/6.8.3/gcc_64/lib/pkgconfig/Qt6QuickControls2BasicStyleImpl.pc
2026-04-20 02:52:13,130 - aqt.updater - INFO - updater 140486484204416 Patching /home/runner/work/FreeCAD/Qt/6.8.3/gcc_64/lib/pkgconfig/Qt6QuickControls2Basic.pc
2026-04-20 02:52:13,131 - aqt.updater - INFO - updater 140486484204416 Patching /home/runner/work/FreeCAD/Qt/6.8.3/gcc_64/lib/pkgconfig/Qt6QmlCore.pc
2026-04-20 02:52:13,131 - aqt.updater - INFO - updater 140486484204416 Patching /home/runner/work/FreeCAD/Qt/6.8.3/gcc_64/lib/pkgconfig/Qt6QmlWorkerScript.pc
2026-04-20 02:52:13,131 - aqt.updater - INFO - updater 140486484204416 Patching /home/runner/work/FreeCAD/Qt/6.8.3/gcc_64/lib/pkgconfig/Qt6QuickTest.pc
2026-04-20 02:52:13,131 - aqt.updater - INFO - updater 140486484204416 Patching /home/runner/work/FreeCAD/Qt/6.8.3/gcc_64/lib/pkgconfig/Qt6LabsQmlModels.pc
2026-04-20 02:52:13,132 - aqt.updater - INFO - updater 140486484204416 Patching /home/runner/work/FreeCAD/Qt/6.8.3/gcc_64/lib/pkgconfig/Qt6SvgWidgets.pc
2026-04-20 02:52:13,132 - aqt.updater - INFO - updater 140486484204416 Patching /home/runner/work/FreeCAD/Qt/6.8.3/gcc_64/lib/pkgconfig/Qt6QuickControls2Fusion.pc
2026-04-20 02:52:13,132 - aqt.updater - INFO - updater 140486484204416 Patching /home/runner/work/FreeCAD/Qt/6.8.3/gcc_64/lib/pkgconfig/Qt6QuickControls2UniversalStyleImpl.pc
2026-04-20 02:52:13,132 - aqt.updater - INFO - updater 140486484204416 Patching /home/runner/work/FreeCAD/Qt/6.8.3/gcc_64/lib/pkgconfig/Qt6LabsPlatform.pc
2026-04-20 02:52:13,133 - aqt.updater - INFO - updater 140486484204416 Patching /home/runner/work/FreeCAD/Qt/6.8.3/gcc_64/lib/pkgconfig/Qt6QuickDialogs2Utils.pc
2026-04-20 02:52:13,133 - aqt.updater - INFO - updater 140486484204416 Patching /home/runner/work/FreeCAD/Qt/6.8.3/gcc_64/lib/pkgconfig/Qt6QmlNetwork.pc
2026-04-20 02:52:13,133 - aqt.updater - INFO - updater 140486484204416 Patching /home/runner/work/FreeCAD/Qt/6.8.3/gcc_64/lib/pkgconfig/Qt6Help.pc
2026-04-20 02:52:13,133 - aqt.updater - INFO - updater 140486484204416 Patching /home/runner/work/FreeCAD/Qt/6.8.3/gcc_64/lib/pkgconfig/Qt6Core.pc
2026-04-20 02:52:13,134 - aqt.updater - INFO - updater 140486484204416 Patching /home/runner/work/FreeCAD/Qt/6.8.3/gcc_64/lib/pkgconfig/Qt6QuickLayouts.pc
2026-04-20 02:52:13,134 - aqt.updater - INFO - updater 140486484204416 Patching /home/runner/work/FreeCAD/Qt/6.8.3/gcc_64/lib/pkgconfig/Qt6QmlAssetDownloader.pc
2026-04-20 02:52:13,134 - aqt.updater - INFO - updater 140486484204416 Patching /home/runner/work/FreeCAD/Qt/6.8.3/gcc_64/lib/pkgconfig/Qt6QuickControls2.pc
2026-04-20 02:52:13,134 - aqt.updater - INFO - updater 140486484204416 Patching /home/runner/work/FreeCAD/Qt/6.8.3/gcc_64/lib/pkgconfig/Qt6LabsWavefrontMesh.pc
2026-04-20 02:52:13,134 - aqt.updater - INFO - updater 140486484204416 Patching /home/runner/work/FreeCAD/Qt/6.8.3/gcc_64/lib/pkgconfig/Qt6QmlIntegration.pc
2026-04-20 02:52:13,135 - aqt.updater - INFO - updater 140486484204416 Patching /home/runner/work/FreeCAD/Qt/6.8.3/gcc_64/lib/pkgconfig/Qt6WaylandClient.pc
2026-04-20 02:52:13,135 - aqt.updater - INFO - updater 140486484204416 Patching /home/runner/work/FreeCAD/Qt/6.8.3/gcc_64/lib/pkgconfig/Qt6Sql.pc
2026-04-20 02:52:13,135 - aqt.updater - INFO - updater 140486484204416 Patching /home/runner/work/FreeCAD/Qt/6.8.3/gcc_64/lib/pkgconfig/Qt6Network.pc
2026-04-20 02:52:13,135 - aqt.updater - INFO - updater 140486484204416 Patching /home/runner/work/FreeCAD/Qt/6.8.3/gcc_64/lib/pkgconfig/Qt6QuickControls2Material.pc
2026-04-20 02:52:13,136 - aqt.updater - INFO - updater 140486484204416 Patching /home/runner/work/FreeCAD/Qt/6.8.3/gcc_64/lib/pkgconfig/Qt6QmlModels.pc
2026-04-20 02:52:13,136 - aqt.updater - INFO - updater 140486484204416 Patching /home/runner/work/FreeCAD/Qt/6.8.3/gcc_64/lib/pkgconfig/Qt6QuickControls2FluentWinUI3StyleImpl.pc
2026-04-20 02:52:13,136 - aqt.updater - INFO - updater 140486484204416 Patching /home/runner/work/FreeCAD/Qt/6.8.3/gcc_64/lib/pkgconfig/Qt6QuickDialogs2.pc
2026-04-20 02:52:13,137 - aqt.updater - INFO - updater 140486484204416 Patching /home/runner/work/FreeCAD/Qt/6.8.3/gcc_64/lib/pkgconfig/Qt6QuickControls2Imagine.pc
2026-04-20 02:52:13,137 - aqt.updater - INFO - updater 140486484204416 Patching /home/runner/work/FreeCAD/Qt/6.8.3/gcc_64/lib/pkgconfig/Qt6Platform.pc
2026-04-20 02:52:13,137 - aqt.updater - INFO - updater 140486484204416 Patching /home/runner/work/FreeCAD/Qt/6.8.3/gcc_64/lib/pkgconfig/Qt6PrintSupport.pc
2026-04-20 02:52:13,137 - aqt.updater - INFO - updater 140486484204416 Patching /home/runner/work/FreeCAD/Qt/6.8.3/gcc_64/lib/pkgconfig/Qt6QuickControls2MaterialStyleImpl.pc
2026-04-20 02:52:13,138 - aqt.updater - INFO - updater 140486484204416 Patching /home/runner/work/FreeCAD/Qt/6.8.3/gcc_64/lib/pkgconfig/Qt6QuickVectorImage.pc
2026-04-20 02:52:13,138 - aqt.updater - INFO - updater 140486484204416 Patching /home/runner/work/FreeCAD/Qt/6.8.3/gcc_64/lib/pkgconfig/Qt6LabsFolderListModel.pc
2026-04-20 02:52:13,138 - aqt.updater - INFO - updater 140486484204416 Patching /home/runner/work/FreeCAD/Qt/6.8.3/gcc_64/lib/pkgconfig/Qt6Concurrent.pc
2026-04-20 02:52:13,138 - aqt.updater - INFO - updater 140486484204416 Patching /home/runner/work/FreeCAD/Qt/6.8.3/gcc_64/lib/pkgconfig/Qt6QuickControls2Impl.pc
2026-04-20 02:52:13,138 - aqt.updater - INFO - updater 140486484204416 Patching /home/runner/work/FreeCAD/Qt/6.8.3/gcc_64/lib/pkgconfig/Qt6OpenGL.pc
2026-04-20 02:52:13,139 - aqt.updater - INFO - updater 140486484204416 Patching /home/runner/work/FreeCAD/Qt/6.8.3/gcc_64/lib/pkgconfig/Qt6Svg.pc
2026-04-20 02:52:13,139 - aqt.updater - INFO - updater 140486484204416 Patching /home/runner/work/FreeCAD/Qt/6.8.3/gcc_64/lib/pkgconfig/Qt6Qml.pc
2026-04-20 02:52:13,139 - aqt.updater - INFO - updater 140486484204416 Patching /home/runner/work/FreeCAD/Qt/6.8.3/gcc_64/lib/pkgconfig/Qt6LabsSettings.pc
2026-04-20 02:52:13,139 - aqt.updater - INFO - updater 140486484204416 Patching /home/runner/work/FreeCAD/Qt/6.8.3/gcc_64/lib/pkgconfig/Qt6QmlLocalStorage.pc
2026-04-20 02:52:13,140 - aqt.updater - INFO - updater 140486484204416 Patching /home/runner/work/FreeCAD/Qt/6.8.3/gcc_64/lib/pkgconfig/Qt6QmlXmlListModel.pc
2026-04-20 02:52:13,140 - aqt.updater - INFO - updater 140486484204416 Patching /home/runner/work/FreeCAD/Qt/6.8.3/gcc_64/lib/pkgconfig/Qt6QmlMeta.pc
2026-04-20 02:52:13,141 - aqt.updater - INFO - updater 140486484204416 Patching /home/runner/work/FreeCAD/Qt/6.8.3/gcc_64/lib/libQt6QmlModels.prl
2026-04-20 02:52:13,141 - aqt.updater - INFO - updater 140486484204416 Patching /home/runner/work/FreeCAD/Qt/6.8.3/gcc_64/lib/libQt6QuickControls2Impl.prl
2026-04-20 02:52:13,141 - aqt.updater - INFO - updater 140486484204416 Patching /home/runner/work/FreeCAD/Qt/6.8.3/gcc_64/lib/libQt6QuickVectorImageGenerator.prl
2026-04-20 02:52:13,142 - aqt.updater - INFO - updater 140486484204416 Patching /home/runner/work/FreeCAD/Qt/6.8.3/gcc_64/lib/libQt6OpenGL.prl
2026-04-20 02:52:13,142 - aqt.updater - INFO - updater 140486484204416 Patching /home/runner/work/FreeCAD/Qt/6.8.3/gcc_64/lib/libQt6EglFsKmsGbmSupport.prl
2026-04-20 02:52:13,142 - aqt.updater - INFO - updater 140486484204416 Patching /home/runner/work/FreeCAD/Qt/6.8.3/gcc_64/lib/libQt6Qml.prl
2026-04-20 02:52:13,142 - aqt.updater - INFO - updater 140486484204416 Patching /home/runner/work/FreeCAD/Qt/6.8.3/gcc_64/lib/libQt6QuickControls2ImagineStyleImpl.prl
2026-04-20 02:52:13,142 - aqt.updater - INFO - updater 140486484204416 Patching /home/runner/work/FreeCAD/Qt/6.8.3/gcc_64/lib/libQt6QmlLocalStorage.prl
2026-04-20 02:52:13,143 - aqt.updater - INFO - updater 140486484204416 Patching /home/runner/work/FreeCAD/Qt/6.8.3/gcc_64/lib/libQt6Widgets.prl
2026-04-20 02:52:13,143 - aqt.updater - INFO - updater 140486484204416 Patching /home/runner/work/FreeCAD/Qt/6.8.3/gcc_64/lib/libQt6LabsSharedImage.prl
2026-04-20 02:52:13,143 - aqt.updater - INFO - updater 140486484204416 Patching /home/runner/work/FreeCAD/Qt/6.8.3/gcc_64/lib/libQt6QuickControls2Basic.prl
2026-04-20 02:52:13,143 - aqt.updater - INFO - updater 140486484204416 Patching /home/runner/work/FreeCAD/Qt/6.8.3/gcc_64/lib/libQt6Network.prl
2026-04-20 02:52:13,144 - aqt.updater - INFO - updater 140486484204416 Patching /home/runner/work/FreeCAD/Qt/6.8.3/gcc_64/lib/libQt6DeviceDiscoverySupport.prl
2026-04-20 02:52:13,144 - aqt.updater - INFO - updater 140486484204416 Patching /home/runner/work/FreeCAD/Qt/6.8.3/gcc_64/lib/libQt6QmlAssetDownloader.prl
2026-04-20 02:52:13,144 - aqt.updater - INFO - updater 140486484204416 Patching /home/runner/work/FreeCAD/Qt/6.8.3/gcc_64/lib/libQt6WaylandClient.prl
2026-04-20 02:52:13,144 - aqt.updater - INFO - updater 140486484204416 Patching /home/runner/work/FreeCAD/Qt/6.8.3/gcc_64/lib/libQt6QmlWorkerScript.prl
2026-04-20 02:52:13,145 - aqt.updater - INFO - updater 140486484204416 Patching /home/runner/work/FreeCAD/Qt/6.8.3/gcc_64/lib/libQt6LabsSettings.prl
2026-04-20 02:52:13,145 - aqt.updater - INFO - updater 140486484204416 Patching /home/runner/work/FreeCAD/Qt/6.8.3/gcc_64/lib/libQt6OpenGLWidgets.prl
2026-04-20 02:52:13,145 - aqt.updater - INFO - updater 140486484204416 Patching /home/runner/work/FreeCAD/Qt/6.8.3/gcc_64/lib/libQt6QuickTestUtils.prl
2026-04-20 02:52:13,145 - aqt.updater - INFO - updater 140486484204416 Patching /home/runner/work/FreeCAD/Qt/6.8.3/gcc_64/lib/libQt6QuickControlsTestUtils.prl
2026-04-20 02:52:13,145 - aqt.updater - INFO - updater 140486484204416 Patching /home/runner/work/FreeCAD/Qt/6.8.3/gcc_64/lib/libQt6ExamplesAssetDownloader.prl
2026-04-20 02:52:13,146 - aqt.updater - INFO - updater 140486484204416 Patching /home/runner/work/FreeCAD/Qt/6.8.3/gcc_64/lib/libQt6ExampleIcons.prl
2026-04-20 02:52:13,146 - aqt.updater - INFO - updater 140486484204416 Patching /home/runner/work/FreeCAD/Qt/6.8.3/gcc_64/lib/libQt6QuickShapes.prl
2026-04-20 02:52:13,146 - aqt.updater - INFO - updater 140486484204416 Patching /home/runner/work/FreeCAD/Qt/6.8.3/gcc_64/lib/libQt6QmlCore.prl
2026-04-20 02:52:13,146 - aqt.updater - INFO - updater 140486484204416 Patching /home/runner/work/FreeCAD/Qt/6.8.3/gcc_64/lib/libQt6QmlLS.prl
2026-04-20 02:52:13,147 - aqt.updater - INFO - updater 140486484204416 Patching /home/runner/work/FreeCAD/Qt/6.8.3/gcc_64/lib/libQt6PrintSupport.prl
2026-04-20 02:52:13,147 - aqt.updater - INFO - updater 140486484204416 Patching /home/runner/work/FreeCAD/Qt/6.8.3/gcc_64/lib/libQt6QuickTemplates2.prl
2026-04-20 02:52:13,147 - aqt.updater - INFO - updater 140486484204416 Patching /home/runner/work/FreeCAD/Qt/6.8.3/gcc_64/lib/libQt6Test.prl
2026-04-20 02:52:13,147 - aqt.updater - INFO - updater 140486484204416 Patching /home/runner/work/FreeCAD/Qt/6.8.3/gcc_64/lib/libQt6QuickControls2Fusion.prl
2026-04-20 02:52:13,147 - aqt.updater - INFO - updater 140486484204416 Patching /home/runner/work/FreeCAD/Qt/6.8.3/gcc_64/lib/libQt6LabsPlatform.prl
2026-04-20 02:52:13,147 - aqt.updater - INFO - updater 140486484204416 Patching /home/runner/work/FreeCAD/Qt/6.8.3/gcc_64/lib/libQt6QuickControls2UniversalStyleImpl.prl
2026-04-20 02:52:13,148 - aqt.updater - INFO - updater 140486484204416 Patching /home/runner/work/FreeCAD/Qt/6.8.3/gcc_64/lib/libQt6QuickControls2FluentWinUI3StyleImpl.prl
2026-04-20 02:52:13,148 - aqt.updater - INFO - updater 140486484204416 Patching /home/runner/work/FreeCAD/Qt/6.8.3/gcc_64/lib/libQt6PacketProtocol.prl
2026-04-20 02:52:13,148 - aqt.updater - INFO - updater 140486484204416 Patching /home/runner/work/FreeCAD/Qt/6.8.3/gcc_64/lib/libQt6QmlXmlListModel.prl
2026-04-20 02:52:13,148 - aqt.updater - INFO - updater 140486484204416 Patching /home/runner/work/FreeCAD/Qt/6.8.3/gcc_64/lib/libQt6QuickDialogs2QuickImpl.prl
2026-04-20 02:52:13,148 - aqt.updater - INFO - updater 140486484204416 Patching /home/runner/work/FreeCAD/Qt/6.8.3/gcc_64/lib/libQt6QmlDebug.prl
2026-04-20 02:52:13,149 - aqt.updater - INFO - updater 140486484204416 Patching /home/runner/work/FreeCAD/Qt/6.8.3/gcc_64/lib/libQt6Concurrent.prl
2026-04-20 02:52:13,149 - aqt.updater - INFO - updater 140486484204416 Patching /home/runner/work/FreeCAD/Qt/6.8.3/gcc_64/lib/libQt6QmlNetwork.prl
2026-04-20 02:52:13,149 - aqt.updater - INFO - updater 140486484204416 Patching /home/runner/work/FreeCAD/Qt/6.8.3/gcc_64/lib/libQt6QuickDialogs2.prl
2026-04-20 02:52:13,149 - aqt.updater - INFO - updater 140486484204416 Patching /home/runner/work/FreeCAD/Qt/6.8.3/gcc_64/lib/libQt6QmlDom.prl
2026-04-20 02:52:13,150 - aqt.updater - INFO - updater 140486484204416 Patching /home/runner/work/FreeCAD/Qt/6.8.3/gcc_64/lib/libQt6QuickControls2MaterialStyleImpl.prl
2026-04-20 02:52:13,150 - aqt.updater - INFO - updater 140486484204416 Patching /home/runner/work/FreeCAD/Qt/6.8.3/gcc_64/lib/libQt6Help.prl
2026-04-20 02:52:13,150 - aqt.updater - INFO - updater 140486484204416 Patching /home/runner/work/FreeCAD/Qt/6.8.3/gcc_64/lib/libQt6QuickEffects.prl
2026-04-20 02:52:13,150 - aqt.updater - INFO - updater 140486484204416 Patching /home/runner/work/FreeCAD/Qt/6.8.3/gcc_64/lib/libQt6QuickWidgets.prl
2026-04-20 02:52:13,150 - aqt.updater - INFO - updater 140486484204416 Patching /home/runner/work/FreeCAD/Qt/6.8.3/gcc_64/lib/libQt6QuickLayouts.prl
2026-04-20 02:52:13,151 - aqt.updater - INFO - updater 140486484204416 Patching /home/runner/work/FreeCAD/Qt/6.8.3/gcc_64/lib/libQt6QuickTest.prl
2026-04-20 02:52:13,151 - aqt.updater - INFO - updater 140486484204416 Patching /home/runner/work/FreeCAD/Qt/6.8.3/gcc_64/lib/libQt6QuickParticles.prl
2026-04-20 02:52:13,151 - aqt.updater - INFO - updater 140486484204416 Patching /home/runner/work/FreeCAD/Qt/6.8.3/gcc_64/lib/libQt6Svg.prl
2026-04-20 02:52:13,151 - aqt.updater - INFO - updater 140486484204416 Patching /home/runner/work/FreeCAD/Qt/6.8.3/gcc_64/lib/libQt6UiTools.prl
2026-04-20 02:52:13,152 - aqt.updater - INFO - updater 140486484204416 Patching /home/runner/work/FreeCAD/Qt/6.8.3/gcc_64/lib/libQt6QmlTypeRegistrar.prl
2026-04-20 02:52:13,152 - aqt.updater - INFO - updater 140486484204416 Patching /home/runner/work/FreeCAD/Qt/6.8.3/gcc_64/lib/libQt6DesignerComponents.prl
2026-04-20 02:52:13,152 - aqt.updater - INFO - updater 140486484204416 Patching /home/runner/work/FreeCAD/Qt/6.8.3/gcc_64/lib/libQt6WaylandEglClientHwIntegration.prl
2026-04-20 02:52:13,152 - aqt.updater - INFO - updater 140486484204416 Patching /home/runner/work/FreeCAD/Qt/6.8.3/gcc_64/lib/libQt6QuickControls2FusionStyleImpl.prl
2026-04-20 02:52:13,153 - aqt.updater - INFO - updater 140486484204416 Patching /home/runner/work/FreeCAD/Qt/6.8.3/gcc_64/lib/libQt6XcbQpa.prl
2026-04-20 02:52:13,153 - aqt.updater - INFO - updater 140486484204416 Patching /home/runner/work/FreeCAD/Qt/6.8.3/gcc_64/lib/libQt6LabsWavefrontMesh.prl
2026-04-20 02:52:13,153 - aqt.updater - INFO - updater 140486484204416 Patching /home/runner/work/FreeCAD/Qt/6.8.3/gcc_64/lib/libQt6Designer.prl
2026-04-20 02:52:13,153 - aqt.updater - INFO - updater 140486484204416 Patching /home/runner/work/FreeCAD/Qt/6.8.3/gcc_64/lib/libQt6Xml.prl
2026-04-20 02:52:13,154 - aqt.updater - INFO - updater 140486484204416 Patching /home/runner/work/FreeCAD/Qt/6.8.3/gcc_64/lib/libQt6Gui.prl
2026-04-20 02:52:13,154 - aqt.updater - INFO - updater 140486484204416 Patching /home/runner/work/FreeCAD/Qt/6.8.3/gcc_64/lib/libQt6DBus.prl
2026-04-20 02:52:13,154 - aqt.updater - INFO - updater 140486484204416 Patching /home/runner/work/FreeCAD/Qt/6.8.3/gcc_64/lib/libQt6QmlMeta.prl
2026-04-20 02:52:13,154 - aqt.updater - INFO - updater 140486484204416 Patching /home/runner/work/FreeCAD/Qt/6.8.3/gcc_64/lib/libQt6QuickControls2Imagine.prl
2026-04-20 02:52:13,154 - aqt.updater - INFO - updater 140486484204416 Patching /home/runner/work/FreeCAD/Qt/6.8.3/gcc_64/lib/libQt6EglFSDeviceIntegration.prl
2026-04-20 02:52:13,155 - aqt.updater - INFO - updater 140486484204416 Patching /home/runner/work/FreeCAD/Qt/6.8.3/gcc_64/lib/libQt6FbSupport.prl
2026-04-20 02:52:13,155 - aqt.updater - INFO - updater 140486484204416 Patching /home/runner/work/FreeCAD/Qt/6.8.3/gcc_64/lib/libQt6KmsSupport.prl
2026-04-20 02:52:13,155 - aqt.updater - INFO - updater 140486484204416 Patching /home/runner/work/FreeCAD/Qt/6.8.3/gcc_64/lib/libQt6Core.prl
2026-04-20 02:52:13,155 - aqt.updater - INFO - updater 140486484204416 Patching /home/runner/work/FreeCAD/Qt/6.8.3/gcc_64/lib/libQt6Sql.prl
2026-04-20 02:52:13,156 - aqt.updater - INFO - updater 140486484204416 Patching /home/runner/work/FreeCAD/Qt/6.8.3/gcc_64/lib/libQt6QuickControls2Universal.prl
2026-04-20 02:52:13,156 - aqt.updater - INFO - updater 140486484204416 Patching /home/runner/work/FreeCAD/Qt/6.8.3/gcc_64/lib/libQt6SvgWidgets.prl
2026-04-20 02:52:13,156 - aqt.updater - INFO - updater 140486484204416 Patching /home/runner/work/FreeCAD/Qt/6.8.3/gcc_64/lib/libQt6Quick.prl
2026-04-20 02:52:13,156 - aqt.updater - INFO - updater 140486484204416 Patching /home/runner/work/FreeCAD/Qt/6.8.3/gcc_64/lib/libQt6LabsAnimation.prl
2026-04-20 02:52:13,157 - aqt.updater - INFO - updater 140486484204416 Patching /home/runner/work/FreeCAD/Qt/6.8.3/gcc_64/lib/libQt6LabsFolderListModel.prl
2026-04-20 02:52:13,157 - aqt.updater - INFO - updater 140486484204416 Patching /home/runner/work/FreeCAD/Qt/6.8.3/gcc_64/lib/libQt6InputSupport.prl
2026-04-20 02:52:13,157 - aqt.updater - INFO - updater 140486484204416 Patching /home/runner/work/FreeCAD/Qt/6.8.3/gcc_64/lib/libQt6QuickDialogs2Utils.prl
2026-04-20 02:52:13,157 - aqt.updater - INFO - updater 140486484204416 Patching /home/runner/work/FreeCAD/Qt/6.8.3/gcc_64/lib/libQt6QuickControls2.prl
2026-04-20 02:52:13,157 - aqt.updater - INFO - updater 140486484204416 Patching /home/runner/work/FreeCAD/Qt/6.8.3/gcc_64/lib/libQt6EglFsKmsSupport.prl
2026-04-20 02:52:13,158 - aqt.updater - INFO - updater 140486484204416 Patching /home/runner/work/FreeCAD/Qt/6.8.3/gcc_64/lib/libQt6QmlToolingSettings.prl
2026-04-20 02:52:13,158 - aqt.updater - INFO - updater 140486484204416 Patching /home/runner/work/FreeCAD/Qt/6.8.3/gcc_64/lib/libQt6WlShellIntegration.prl
2026-04-20 02:52:13,158 - aqt.updater - INFO - updater 140486484204416 Patching /home/runner/work/FreeCAD/Qt/6.8.3/gcc_64/lib/libQt6QuickVectorImage.prl
2026-04-20 02:52:13,158 - aqt.updater - INFO - updater 140486484204416 Patching /home/runner/work/FreeCAD/Qt/6.8.3/gcc_64/lib/libQt6QuickControls2BasicStyleImpl.prl
2026-04-20 02:52:13,159 - aqt.updater - INFO - updater 140486484204416 Patching /home/runner/work/FreeCAD/Qt/6.8.3/gcc_64/lib/libQt6QmlCompiler.prl
2026-04-20 02:52:13,159 - aqt.updater - INFO - updater 140486484204416 Patching /home/runner/work/FreeCAD/Qt/6.8.3/gcc_64/lib/libQt6QuickControls2Material.prl
2026-04-20 02:52:13,159 - aqt.updater - INFO - updater 140486484204416 Patching /home/runner/work/FreeCAD/Qt/6.8.3/gcc_64/lib/libQt6LabsQmlModels.prl
2026-04-20 02:52:13,159 - aqt.main - INFO - installer 140486484204416 Finished installation
2026-04-20 02:52:13,159 - aqt.main - INFO - installer 140486484204416 Time elapsed: 18.17608326 second
